
[main 743bba7] Daily update: 2026-09-05
 2 files changed, 1 insertion(+)
 create mode 100644 cronLog.log



[main 6fdadd1] Daily update: 2026-09-05
 2 files changed, 7 insertions(+)



[main 67eb963] Daily update: 2026-09-05
 2 files changed, 6 insertions(+)



[main 7ae16d7] Daily update: 2026-09-05
 2 files changed, 6 insertions(+)



[main 3698e34] Daily update: 2026-09-05
 2 files changed, 6 insertions(+)



[main 85d4240] Daily update: 2026-09-06
 2 files changed, 6 insertions(+)



[main 7be034d] Daily update: 2026-09-07
 2 files changed, 6 insertions(+)


Already up to date.


[main 5da4d8f] Daily update: 08-09-2026
 1 file changed, 2 insertions(+)


Already up to date.


[main be9042c] Daily update: 09-09-2026
 2 files changed, 8 insertions(+)


Already up to date.


[main 44dff7c] Daily update: 10-09-2026
 2 files changed, 8 insertions(+)


Already up to date.


[main a2537b9] Daily update: 11-09-2026
 1 file changed, 1 insertion(+)


Already up to date.


[main 8aa2084] Daily update: 11-09-2026
 1 file changed, 1 insertion(+)


Already up to date.


[main 80ce081] Daily update: 11-09-2026
 2 files changed, 3 insertions(+), 1 deletion(-)


Already up to date.


[main f694f65] Daily update: 12-09-2026
 2 files changed, 22 insertions(+)


Already up to date.


[main 870bffd] Daily update: 12-09-2026
 1 file changed, 1 insertion(+)


Already up to date.


[main 2562eba] Daily update: 12-09-2026
 2 files changed, 3 insertions(+), 1 deletion(-)


Already up to date.


[main c62517a] Daily update: 13-09-2026
 2 files changed, 22 insertions(+)


Already up to date.


[main 63e17fc] Daily update: 13-09-2026
 1 file changed, 1 insertion(+)


Already up to date.


[main cd1dddc] Daily update: 13-09-2026
 2 files changed, 3 insertions(+), 1 deletion(-)


Already up to date.


[main 1d02dd1] Daily update: 14-09-2026
 2 files changed, 22 insertions(+)


Already up to date.


[main 82fafa5] Daily update: 14-09-2026
 1 file changed, 1 insertion(+)


Already up to date.


[main 5d91d51] Daily update: 14-09-2026
 2 files changed, 3 insertions(+), 1 deletion(-)


Already up to date.


[main b0d6471] Daily update: 15-09-2026
 2 files changed, 22 insertions(+)


Already up to date.


[main 4b37011] Daily update: 15-09-2026
 1 file changed, 1 insertion(+)


Already up to date.


[main bd2efac] Daily update: 15-09-2026
 2 files changed, 3 insertions(+), 1 deletion(-)


Already up to date.


[main cc55dd3] Daily update: 16-09-2026
 2 files changed, 22 insertions(+)


Already up to date.


[main 76fca99] Daily update: 16-09-2026
 1 file changed, 1 insertion(+)


Already up to date.


[main 8b90eae] Daily update: 16-09-2026
 2 files changed, 3 insertions(+), 1 deletion(-)


Already up to date.


[main efdd113] Daily update: 17-09-2026
 2 files changed, 22 insertions(+)


Already up to date.


[main c06fdf9] Daily update: 17-09-2026
 1 file changed, 1 insertion(+)


Already up to date.


[main 26a066e] Daily update: 17-09-2026
 2 files changed, 3 insertions(+), 1 deletion(-)


Already up to date.


[main e6ab437] Daily update: 18-09-2026
 2 files changed, 22 insertions(+)


Already up to date.


[main f3973c3] Daily update: 18-09-2026
 1 file changed, 1 insertion(+)


Already up to date.


[main e728d69] Daily update: 18-09-2026
 2 files changed, 3 insertions(+), 1 deletion(-)


Already up to date.


[main 94858b9] Daily update: 19-09-2026
 2 files changed, 22 insertions(+)


Already up to date.


[main 2c4d5c9] Daily update: 19-09-2026
 1 file changed, 1 insertion(+)


Already up to date.


[main dcc9328] Daily update: 19-09-2026
 2 files changed, 3 insertions(+), 1 deletion(-)


Already up to date.


[main 2173414] Daily update: 20-09-2026
 2 files changed, 22 insertions(+)


Already up to date.


[main f363c8f] Daily update: 20-09-2026
 1 file changed, 1 insertion(+)


Already up to date.


[main 082acd1] Daily update: 20-09-2026
 2 files changed, 3 insertions(+), 1 deletion(-)


Already up to date.


[main 1f43cda] Daily update: 21-09-2026
 2 files changed, 22 insertions(+)


Already up to date.


[main 17a5a3a] Daily update: 21-09-2026
 1 file changed, 1 insertion(+)


Already up to date.


[main 10588cd] Daily update: 21-09-2026
 2 files changed, 3 insertions(+), 1 deletion(-)


Already up to date.


[main ac84ffb] Daily update: 22-09-2026
 2 files changed, 22 insertions(+)


Already up to date.


[main 5663d21] Daily update: 22-09-2026
 1 file changed, 1 insertion(+)


Already up to date.


[main 7de448f] Daily update: 22-09-2026
 2 files changed, 3 insertions(+), 1 deletion(-)


Already up to date.


[main ef85146] Daily update: 23-09-2026
 2 files changed, 22 insertions(+)


Already up to date.


[main 196db01] Daily update: 23-09-2026
 1 file changed, 1 insertion(+)


Already up to date.


[main 5dd9bf5] Daily update: 23-09-2026
 2 files changed, 3 insertions(+), 1 deletion(-)


Already up to date.


[main 63c2916] Daily update: 24-09-2026
 2 files changed, 22 insertions(+)


Already up to date.


[main ae21c06] Daily update: 24-09-2026
 1 file changed, 1 insertion(+)


Already up to date.


[main 43316bb] Daily update: 24-09-2026
 2 files changed, 3 insertions(+), 1 deletion(-)


Already up to date.


[main b3d6c80] Daily update: 25-09-2026
 2 files changed, 22 insertions(+)


Already up to date.


[main 0e61f57] Daily update: 25-09-2026
 1 file changed, 1 insertion(+)


Already up to date.


[main ce9d625] Daily update: 25-09-2026
 2 files changed, 3 insertions(+), 1 deletion(-)


Already up to date.


[main b7af013] Daily update: 26-09-2026
 2 files changed, 22 insertions(+)


Already up to date.


[main 732661b] Daily update: 26-09-2026
 1 file changed, 1 insertion(+)


Already up to date.


[main 17b6d48] Daily update: 26-09-2026
 2 files changed, 3 insertions(+), 1 deletion(-)


Already up to date.


[main 2ee968a] Daily update: 27-09-2026
 2 files changed, 22 insertions(+)


Already up to date.


[main 8b8ef8e] Daily update: 27-09-2026
 1 file changed, 1 insertion(+)


Already up to date.


[main eec4eab] Daily update: 27-09-2026
 2 files changed, 3 insertions(+), 1 deletion(-)


Already up to date.


[main b56a931] Daily update: 28-09-2026
 2 files changed, 22 insertions(+)


Already up to date.


[main 57875d7] Daily update: 28-09-2026
 1 file changed, 1 insertion(+)


Already up to date.


[main 944c225] Daily update: 28-09-2026
 2 files changed, 3 insertions(+), 1 deletion(-)


Already up to date.


[main 998db43] Daily update: 29-09-2026
 2 files changed, 22 insertions(+)


Already up to date.


[main c8f592a] Daily update: 29-09-2026
 1 file changed, 1 insertion(+)


Already up to date.


[main 320fddb] Daily update: 29-09-2026
 2 files changed, 3 insertions(+), 1 deletion(-)


Already up to date.


[main 117c719] Daily update: 30-09-2026
 2 files changed, 22 insertions(+)


Already up to date.


[main e458e78] Daily update: 30-09-2026
 1 file changed, 1 insertion(+)


Already up to date.


[main cb30c1f] Daily update: 30-09-2026
 2 files changed, 3 insertions(+), 1 deletion(-)


Already up to date.


[main 8a36891] Daily update: 01-10-2026
 2 files changed, 22 insertions(+)


Already up to date.


[main d3af835] Daily update: 01-10-2026
 1 file changed, 1 insertion(+)


Already up to date.


[main 5e5cb0c] Daily update: 01-10-2026
 2 files changed, 3 insertions(+), 1 deletion(-)


Already up to date.


[main d5d91f4] Daily update: 02-10-2026
 2 files changed, 22 insertions(+)


Already up to date.


[main 40b37b2] Daily update: 02-10-2026
 1 file changed, 1 insertion(+)


Already up to date.


[main 52b96c2] Daily update: 02-10-2026
 2 files changed, 3 insertions(+), 1 deletion(-)


Already up to date.


[main cb2469a] Daily update: 03-10-2026
 2 files changed, 22 insertions(+)


Already up to date.


[main 373ea1a] Daily update: 03-10-2026
 1 file changed, 1 insertion(+)


Already up to date.


[main 8997e79] Daily update: 03-10-2026
 2 files changed, 3 insertions(+), 1 deletion(-)


Already up to date.


[main 3dc7994] Daily update: 04-10-2026
 2 files changed, 22 insertions(+)


Already up to date.


[main 7b2239e] Daily update: 04-10-2026
 1 file changed, 1 insertion(+)


Already up to date.


[main e247286] Daily update: 04-10-2026
 2 files changed, 3 insertions(+), 1 deletion(-)


Already up to date.


[main 01dc73e] Daily update: 05-10-2026
 2 files changed, 22 insertions(+)


Already up to date.


[main 9a7b5e8] Daily update: 05-10-2026
 1 file changed, 1 insertion(+)


Already up to date.


[main c010dd5] Daily update: 05-10-2026
 2 files changed, 3 insertions(+), 1 deletion(-)


Already up to date.


[main 3ddd131] Daily update: 06-10-2026
 2 files changed, 22 insertions(+)


Already up to date.


[main 06f8ab7] Daily update: 06-10-2026
 1 file changed, 1 insertion(+)


Already up to date.


[main 7d58930] Daily update: 06-10-2026
 2 files changed, 3 insertions(+), 1 deletion(-)


Already up to date.


[main 1e93183] Daily update: 07-10-2026
 2 files changed, 22 insertions(+)


Already up to date.


[main dd72a88] Daily update: 07-10-2026
 1 file changed, 1 insertion(+)


Already up to date.


[main 0ada67c] Daily update: 07-10-2026
 2 files changed, 3 insertions(+), 1 deletion(-)


Already up to date.


[main c9ca2d5] Daily update: 08-10-2026
 2 files changed, 22 insertions(+)


Already up to date.


[main 87e9ca7] Daily update: 08-10-2026
 1 file changed, 1 insertion(+)


Already up to date.


[main 9bb23fe] Daily update: 08-10-2026
 2 files changed, 3 insertions(+), 1 deletion(-)


Already up to date.


[main e743445] Daily update: 09-10-2026
 2 files changed, 22 insertions(+)


Already up to date.


[main 161c595] Daily update: 09-10-2026
 1 file changed, 1 insertion(+)


Already up to date.


[main a2f8a41] Daily update: 09-10-2026
 2 files changed, 3 insertions(+), 1 deletion(-)


